
================================================================================================
预注册判据：T0（运行后不移动阈值）
================================================================================================
  T0-a cond(H_n): 1562.8 ± 1.0%
  T0-b DS03/test, N=1000, lambda=31.6, D技能分: 0.9570649 ± 0.005
  FAST_MODE = 0（T0 必须使用正式配置）
  基准实现 = sklearn_histgb_compat
  说明：全部实验入口为 MATLAB；为逐位保持任务书指定的 sklearn HistGB，
        健康基准使用 MATLAB-Python 窄兼容层，原生 LSBoost 仅作敏感性对照。
  使用 MATLAB 管线缓存: C:\Users\25691\Desktop\thesis_part3\matlab\cache\pipeline_cache_exact.mat

T0-a: cond(H_n)=1562.791820, 相对误差=0.0005% -> PASS

加载 DS03/test 并复算 N=1000, lambda=31.6 的 D ...
  unit 10: skill=0.9834609
  unit 11: skill=0.9814936
  unit 12: skill=0.9472035
  unit 13: skill=0.9890097
  unit 14: skill=0.8560099
  unit 15: skill=0.9882063
T0-b: 技能分均值=0.957563972, 目标=0.957064895, 绝对误差=0.000499 -> PASS

================================================================================================
T0 总裁决: PASS
逐机 CSV: C:\Users\25691\Desktop\thesis_part3\matlab\outputs\t0\t0_ds03_raw.csv
裁决 JSON: C:\Users\25691\Desktop\thesis_part3\matlab\outputs\t0\t0_verdict.json
================================================================================================
